// Jest Snapshot v1, https://goo.gl/fbAQLP

exports[`should render single launch 1`] = `
<div>
  <p>
    Loading...
  </p>
</div>
`;

exports[`should render single launch 2`] = `
<div>
  <header>
    FalconSat
  </header>
  <p>
    Kwajalein Atoll Omelek Island
  </p>
  <p>
    Engine failure at 33 seconds and loss of vehicle
  </p>
  <pre>
    {
  "flight_number": 1,
  "mission_name": "FalconSat",
  "launch_site": {
    "site_id": "kwajalein_atoll",
    "site_name": "Kwajalein Atoll",
    "site_name_long": "Kwajalein Atoll Omelek Island"
  },
  "details": "Engine failure at 33 seconds and loss of vehicle",
  "launch_date_local": "2006-03-25T10:30:00+12:00",
  "launch_date_unix": 1143239400,
  "launch_date_utc": "2006-03-24T22:30:00.000Z"
}
  </pre>
  <div
    class="button"
  >
    Back
  </div>
</div>
`;
